
ΓöÇΓöÇ Test 1: Standard Express MVC app ΓöÇΓöÇ
Backend execution surface detected: src/routes/authRoutes.js
FeatureDetector: 1 backend execution surface(s) found.
FeatureDetector: 0 frontend execution surface(s) found.
Traversing dependencies for: src/routes/authRoutes.js
Feature validated: auth
FeatureDetector: 1 backend feature(s) after validation.
Final confidence: auth = 0.8999999999999999
FeatureDetector: 1 total feature slice(s) returned.
  Γ£ô Should produce exactly 1 feature
  Γ£ô Feature key should be "auth"
  Γ£ô Feature type should be "backend"
  Γ£ô Should have 2 entryPoints (login, register)
  Γ£ô backendFiles should include controller
  Γ£ô backendFiles should include service
  Γ£ô backendFiles should include model
  Γ£ô backendFiles should include middleware
  Γ£ô backendFiles should NOT include config (infrastructure stop)
  Γ£ô models should include User
node :   Γ£ù FAIL: Confidence should be 
0.9, got 0.8999999999999999
At line:1 char:1
+ node src/services/__tests__/FeatureDetect
or.test.js > test_output.txt ...
+ ~~~~~~~~~~~~~~~~~~~~~~~~~~~~~~~~~~~~~~~~~
~~~~~~~~~~~~~~~~~~~~~~~~~~~~
    + CategoryInfo          : NotSpecified 
   : (  Γ£ù FAIL: Con...999999999999999:S  
  tring) [], RemoteException
    + FullyQualifiedErrorId : NativeComman 
   dError
 

ΓöÇΓöÇ Test 2: Frontend routing + backend attachment ΓöÇΓöÇ
Backend execution surface detected: src/routes/authRoutes.js
FeatureDetector: 1 backend execution surface(s) found.
Frontend execution surface detected: src/pages/LoginPage.jsx
Frontend execution surface detected: src/pages/SettingsPage.jsx
FeatureDetector: 2 frontend execution surface(s) found.
Traversing dependencies for: src/routes/authRoutes.js
Feature validated: auth
FeatureDetector: 1 backend feature(s) after validation.
Frontend attached: src/pages/LoginPage.jsx ΓåÆ auth
Final confidence: auth = 0.9999999999999999
Frontend-only feature created: settings
Final confidence: settings = 0.4
FeatureDetector: 2 total feature slice(s) returned.
  Γ£ô Should have auth feature
  Γ£ô LoginPage should be attached to auth (login ΓåÆ auth mapping)
  Γ£ô Should have settings as frontend-only feature
  Γ£ô settings should be frontend type
  Γ£ô Frontend-only confidence should be 0.4

ΓöÇΓöÇ Test 3: Infrastructure-only (no valid features) ΓöÇΓöÇ
Backend execution surface detected: src/index.js
FeatureDetector: 1 backend execution surface(s) found.
FeatureDetector: 0 frontend execution surface(s) found.
Traversing dependencies for: src/index.js
Feature discarded as infrastructure: index
FeatureDetector: 0 backend feature(s) after validation.
FeatureDetector: 0 total feature slice(s) returned.
  Γ£ô Should discard feature without controller+service or service+model

ΓöÇΓöÇ Test 4: Empty scan ΓöÇΓöÇ
FeatureDetector: No files in scan result.
  Γ£ô Empty scan should return 0 features

ΓöÇΓöÇ Test 5: Sort order ΓöÇΓöÇ
Backend execution surface detected: routes/taskRoutes.js
Backend execution surface detected: routes/projectRoutes.js
FeatureDetector: 2 backend execution surface(s) found.
FeatureDetector: 0 frontend execution surface(s) found.
Traversing dependencies for: routes/taskRoutes.js
Feature validated: task
Traversing dependencies for: routes/projectRoutes.js
Feature validated: project
FeatureDetector: 2 backend feature(s) after validation.
Final confidence: task = 0.7
Final confidence: project = 0.8999999999999999
FeatureDetector: 2 total feature slice(s) returned.
  Γ£ô Should have 2 features
  Γ£ô First feature should be "project" (highest confidence), got "project"
  Γ£ô Second feature should be "task", got "task"

ΓòÉΓòÉΓòÉΓòÉΓòÉΓòÉΓòÉΓòÉΓòÉΓòÉΓòÉΓòÉΓòÉΓòÉΓòÉΓòÉΓòÉΓòÉΓòÉΓòÉΓòÉΓòÉΓòÉΓòÉΓòÉΓòÉΓòÉΓòÉΓòÉΓòÉΓòÉΓòÉΓòÉΓòÉ
  20 passed, 1 failed
ΓòÉΓòÉΓòÉΓòÉΓòÉΓòÉΓòÉΓòÉΓòÉΓòÉΓòÉΓòÉΓòÉΓòÉΓòÉΓòÉΓòÉΓòÉΓòÉΓòÉΓòÉΓòÉΓòÉΓòÉΓòÉΓòÉΓòÉΓòÉΓòÉΓòÉΓòÉΓòÉΓòÉΓòÉ

